	28 22 87 36 99 14 19 25 18 35 aa cf 17 8c 47 66 56 d9 1d d7 
