	f5 d0 76 27 f9 70 16 37 ec 3d ba 54 7c 7b 81 94 ca 94 d 72 
