1
1
32
2
1
160
1
1
128
!Contains 5 (and shouldn't)
