Uncaught Xn exception raised at newException.bitc:48
