e4 f2 23 e6 6e c df 51 ac 9e 74 d9 f8 3d f9 4c 47 f3 3c 49
