Uncaught exFred exception raised at UncaughtException.bitc:51
