Uncaught IndexBoundsError exception raised at VecBoundsError.bitc:46
